[2026-10-01T19:13:52.933Z] [monitor] [MONITOR] Health check warning: No output for 475s
[2026-10-01T19:13:56.697Z] [monitor] [MONITOR] Health check warning: No output for 478s
[2026-10-01T19:13:58.404Z] [monitor] [MONITOR] Health check warning: No output for 164s
[2026-10-01T19:14:02.933Z] [monitor] [MONITOR] Health check warning: No output for 485s
[2026-10-01T19:14:06.699Z] [monitor] [MONITOR] Health check warning: No output for 488s
[2026-10-01T19:14:08.405Z] [monitor] [MONITOR] Health check warning: No output for 174s
[2026-10-01T19:14:12.932Z] [monitor] [MONITOR] Health check warning: No output for 495s
[2026-10-01T19:14:16.699Z] [monitor] [MONITOR] Health check warning: No output for 498s
[2026-10-01T19:14:18.407Z] [monitor] [MONITOR] Health check warning: No output for 184s
[2026-10-01T19:14:22.937Z] [monitor] [MONITOR] Health check warning: No output for 505s
[2026-10-01T19:14:26.698Z] [monitor] [MONITOR] Health check warning: No output for 508s
[2026-10-01T19:14:28.406Z] [monitor] [MONITOR] Health check warning: No output for 194s
[2026-10-01T19:14:32.935Z] [monitor] [MONITOR] Health check warning: No output for 515s
[2026-10-01T19:14:36.699Z] [monitor] [MONITOR] Health check warning: No output for 518s
[2026-10-01T19:14:38.405Z] [monitor] [MONITOR] Health check warning: No output for 204s
[2026-10-01T19:14:42.951Z] [monitor] [MONITOR] Health check warning: No output for 525s
[2026-10-01T19:14:46.702Z] [monitor] [MONITOR] Health check warning: No output for 528s
[2026-10-01T19:14:48.415Z] [monitor] [MONITOR] Health check warning: No output for 214s
[2026-10-01T19:14:52.936Z] [monitor] [MONITOR] Health check warning: No output for 535s
[2026-10-01T19:14:56.700Z] [monitor] [MONITOR] Health check warning: No output for 538s
[2026-10-01T19:14:58.410Z] [monitor] [MONITOR] Health check warning: No output for 224s
[2026-10-01T19:15:02.937Z] [monitor] [MONITOR] Health check warning: No output for 545s
[2026-10-01T19:15:06.701Z] [monitor] [MONITOR] Health check warning: No output for 548s
[2026-10-01T19:15:08.406Z] [monitor] [MONITOR] Health check warning: No output for 234s
[2026-10-01T19:15:12.937Z] [monitor] [MONITOR] Health check warning: No output for 555s
[2026-10-01T19:15:16.702Z] [monitor] [MONITOR] Health check warning: No output for 558s
[2026-10-01T19:15:18.413Z] [monitor] [MONITOR] Health check warning: No output for 244s
[2026-10-01T19:15:23.110Z] [monitor] [MONITOR] Health check warning: No output for 565s
[2026-10-01T19:15:26.701Z] [monitor] [MONITOR] Health check warning: No output for 568s
[2026-10-01T19:15:28.410Z] [monitor] [MONITOR] Health check warning: No output for 254s
[2026-10-01T19:15:32.947Z] [monitor] [MONITOR] Health check warning: No output for 575s
[2026-10-01T19:15:36.701Z] [monitor] [MONITOR] Health check warning: No output for 578s
[2026-10-01T19:15:38.408Z] [monitor] [MONITOR] Health check warning: No output for 264s
[2026-10-01T19:15:42.939Z] [monitor] [MONITOR] Health check warning: No output for 585s
[2026-10-01T19:15:46.712Z] [monitor] [MONITOR] Health check warning: No output for 588s
[2026-10-01T19:15:48.415Z] [monitor] [MONITOR] Health check warning: No output for 274s
[2026-10-01T19:15:52.941Z] [monitor] [MONITOR] Health check warning: No output for 595s
[2026-10-01T19:15:56.705Z] [monitor] [MONITOR] Health check warning: No output for 598s
[2026-10-01T19:15:58.410Z] [monitor] [MONITOR] Health check warning: No output for 284s
[2026-10-01T19:16:02.940Z] [monitor] [MONITOR] Health check warning: No output for 605s
[2026-10-01T19:16:06.702Z] [monitor] [MONITOR] Health check warning: No output for 608s
[2026-10-01T19:16:08.411Z] [monitor] [MONITOR] Health check warning: No output for 294s
[2026-10-01T19:16:12.956Z] [monitor] [MONITOR] Health check warning: No output for 615s
[2026-10-01T19:16:16.706Z] [monitor] [MONITOR] Health check warning: No output for 618s
[2026-10-01T19:16:18.419Z] [monitor] [MONITOR] Health check warning: No output for 304s
[2026-10-01T19:16:22.944Z] [monitor] [MONITOR] Health check warning: No output for 625s
[2026-10-01T19:16:26.701Z] [monitor] [MONITOR] Health check warning: No output for 628s
[2026-10-01T19:16:28.410Z] [monitor] [MONITOR] Health check warning: No output for 314s
[2026-10-01T19:16:32.949Z] [monitor] [MONITOR] Health check warning: No output for 635s
[2026-10-01T19:16:36.703Z] [monitor] [MONITOR] Health check warning: No output for 638s
[2026-10-01T19:16:38.412Z] [monitor] [MONITOR] Health check warning: No output for 324s
[2026-10-01T19:16:42.956Z] [monitor] [MONITOR] Health check warning: No output for 645s
[2026-10-01T19:16:46.717Z] [monitor] [MONITOR] Health check warning: No output for 648s
[2026-10-01T19:16:48.415Z] [monitor] [MONITOR] Health check warning: No output for 334s
[2026-10-01T19:16:52.944Z] [monitor] [MONITOR] Health check warning: No output for 655s
[2026-10-01T19:16:56.703Z] [monitor] [MONITOR] Health check warning: No output for 658s
[2026-10-01T19:16:58.410Z] [monitor] [MONITOR] Health check warning: No output for 344s
[2026-10-01T19:17:02.943Z] [monitor] [MONITOR] Health check warning: No output for 665s
[2026-10-01T19:17:06.701Z] [monitor] [MONITOR] Health check warning: No output for 668s
[2026-10-01T19:17:08.413Z] [monitor] [MONITOR] Health check warning: No output for 354s
[2026-10-01T19:17:12.942Z] [monitor] [MONITOR] Health check warning: No output for 675s
[2026-10-01T19:17:16.709Z] [monitor] [MONITOR] Health check warning: No output for 678s
[2026-10-01T19:17:18.412Z] [monitor] [MONITOR] Health check warning: No output for 364s
[2026-10-01T19:17:22.949Z] [monitor] [MONITOR] Health check warning: No output for 685s
[2026-10-01T19:17:26.721Z] [monitor] [MONITOR] Health check warning: No output for 688s
[2026-10-01T19:17:28.430Z] [monitor] [MONITOR] Health check warning: No output for 374s
[2026-10-01T19:17:32.946Z] [monitor] [MONITOR] Health check warning: No output for 695s
[2026-10-01T19:17:36.709Z] [monitor] [MONITOR] Health check warning: No output for 698s
[2026-10-01T19:17:38.416Z] [monitor] [MONITOR] Health check warning: No output for 384s
[2026-10-01T19:17:42.943Z] [monitor] [MONITOR] Health check warning: No output for 705s
[2026-10-01T19:17:46.702Z] [monitor] [MONITOR] Health check warning: No output for 708s
[2026-10-01T19:17:48.414Z] [monitor] [MONITOR] Health check warning: No output for 394s
[2026-10-01T19:17:52.945Z] [monitor] [MONITOR] Health check warning: No output for 715s
[2026-10-01T19:17:56.716Z] [monitor] [MONITOR] Health check warning: No output for 718s
[2026-10-01T19:17:58.429Z] [monitor] [MONITOR] Health check warning: No output for 404s
[2026-10-01T19:18:02.947Z] [monitor] [MONITOR] Health check warning: No output for 725s
[2026-10-01T19:18:06.713Z] [monitor] [MONITOR] Health check warning: No output for 728s
[2026-10-01T19:18:08.419Z] [monitor] [MONITOR] Health check warning: No output for 414s
[2026-10-01T19:18:12.948Z] [monitor] [MONITOR] Health check warning: No output for 735s
[2026-10-01T19:18:16.703Z] [monitor] [MONITOR] Health check warning: No output for 738s
[2026-10-01T19:18:18.417Z] [monitor] [MONITOR] Health check warning: No output for 424s
[2026-10-01T19:18:22.947Z] [monitor] [MONITOR] Health check warning: No output for 745s
[2026-10-01T19:18:26.704Z] [monitor] [MONITOR] Health check warning: No output for 748s
[2026-10-01T19:18:28.425Z] [monitor] [MONITOR] Health check warning: No output for 434s
[2026-10-01T19:18:32.964Z] [monitor] [MONITOR] Health check warning: No output for 755s
[2026-10-01T19:18:36.704Z] [monitor] [MONITOR] Health check warning: No output for 758s
[2026-10-01T19:18:38.427Z] [monitor] [MONITOR] Health check warning: No output for 444s
[2026-10-01T19:18:42.947Z] [monitor] [MONITOR] Health check warning: No output for 765s
[2026-10-01T19:18:46.705Z] [monitor] [MONITOR] Health check warning: No output for 768s
[2026-10-01T19:18:48.417Z] [monitor] [MONITOR] Health check warning: No output for 454s
[2026-10-01T19:18:52.948Z] [monitor] [MONITOR] Health check warning: No output for 775s
[2026-10-01T19:18:56.715Z] [monitor] [MONITOR] Health check warning: No output for 778s
[2026-10-01T19:18:58.421Z] [monitor] [MONITOR] Health check warning: No output for 464s
[2026-10-01T19:19:02.953Z] [monitor] [MONITOR] Health check warning: No output for 785s
[2026-10-01T19:19:06.703Z] [monitor] [MONITOR] Health check warning: No output for 788s
[2026-10-01T19:19:08.418Z] [monitor] [MONITOR] Health check warning: No output for 474s
[2026-10-01T19:19:12.948Z] [monitor] [MONITOR] Health check warning: No output for 795s
[2026-10-01T19:19:16.706Z] [monitor] [MONITOR] Health check warning: No output for 798s
[2026-10-01T19:19:18.419Z] [monitor] [MONITOR] Health check warning: No output for 484s
[2026-10-01T19:19:22.949Z] [monitor] [MONITOR] Health check warning: No output for 805s
[2026-10-01T19:19:26.705Z] [monitor] [MONITOR] Health check warning: No output for 808s
[2026-10-01T19:19:28.419Z] [monitor] [MONITOR] Health check warning: No output for 494s
[2026-10-01T19:19:32.952Z] [monitor] [MONITOR] Health check warning: No output for 815s
[2026-10-01T19:19:36.733Z] [monitor] [MONITOR] Health check warning: No output for 818s
[2026-10-01T19:19:38.442Z] [monitor] [MONITOR] Health check warning: No output for 504s
[2026-10-01T19:19:42.988Z] [monitor] [MONITOR] Health check warning: No output for 825s
[2026-10-01T19:19:46.711Z] [monitor] [MONITOR] Health check warning: No output for 828s
[2026-10-01T19:19:48.422Z] [monitor] [MONITOR] Health check warning: No output for 514s
[2026-10-01T19:19:52.954Z] [monitor] [MONITOR] Health check warning: No output for 835s
[2026-10-01T19:19:56.705Z] [monitor] [MONITOR] Health check warning: No output for 838s
[2026-10-01T19:19:58.421Z] [monitor] [MONITOR] Health check warning: No output for 524s
[2026-10-01T19:20:02.957Z] [monitor] [MONITOR] Health check warning: No output for 845s
[2026-10-01T19:20:06.706Z] [monitor] [MONITOR] Health check warning: No output for 848s
[2026-10-01T19:20:08.423Z] [monitor] [MONITOR] Health check warning: No output for 534s
[2026-10-01T19:20:12.959Z] [monitor] [MONITOR] Health check warning: No output for 855s
[2026-10-01T19:20:16.709Z] [monitor] [MONITOR] Health check warning: No output for 858s
[2026-10-01T19:20:18.422Z] [monitor] [MONITOR] Health check warning: No output for 544s
[2026-10-01T19:20:22.955Z] [monitor] [MONITOR] Health check warning: No output for 865s
[2026-10-01T19:20:26.706Z] [monitor] [MONITOR] Health check warning: No output for 868s
[2026-10-01T19:20:28.424Z] [monitor] [MONITOR] Health check warning: No output for 554s
[2026-10-01T19:20:32.956Z] [monitor] [MONITOR] Health check warning: No output for 875s
[2026-10-01T19:20:36.709Z] [monitor] [MONITOR] Health check warning: No output for 878s
[2026-10-01T19:20:38.425Z] [monitor] [MONITOR] Health check warning: No output for 564s
[2026-10-01T19:20:42.958Z] [monitor] [MONITOR] Health check warning: No output for 885s
[2026-10-01T19:20:46.707Z] [monitor] [MONITOR] Health check warning: No output for 888s
[2026-10-01T19:20:48.424Z] [monitor] [MONITOR] Health check warning: No output for 574s
[2026-10-01T19:20:52.959Z] [monitor] [MONITOR] Health check warning: No output for 895s
[2026-10-01T19:20:56.707Z] [monitor] [MONITOR] Health check warning: No output for 898s
[2026-10-01T19:20:58.423Z] [monitor] [MONITOR] Health check warning: No output for 584s
[2026-10-01T19:21:02.961Z] [monitor] [MONITOR] Health check warning: No output for 905s
[2026-10-01T19:21:06.708Z] [monitor] [MONITOR] Health check warning: No output for 908s
[2026-10-01T19:21:08.426Z] [monitor] [MONITOR] Health check warning: No output for 594s
[2026-10-01T19:21:12.963Z] [monitor] [MONITOR] Health check warning: No output for 915s
[2026-10-01T19:21:16.708Z] [monitor] [MONITOR] Health check warning: No output for 918s
[2026-10-01T19:21:18.424Z] [monitor] [MONITOR] Health check warning: No output for 604s
[2026-10-01T19:21:22.959Z] [monitor] [MONITOR] Health check warning: No output for 925s
[2026-10-01T19:21:26.708Z] [monitor] [MONITOR] Health check warning: No output for 928s
[2026-10-01T19:21:28.427Z] [monitor] [MONITOR] Health check warning: No output for 614s
[2026-10-01T19:21:32.959Z] [monitor] [MONITOR] Health check warning: No output for 935s
[2026-10-01T19:21:36.707Z] [monitor] [MONITOR] Health check warning: No output for 938s
[2026-10-01T19:21:38.428Z] [monitor] [MONITOR] Health check warning: No output for 624s
[2026-10-01T19:21:42.959Z] [monitor] [MONITOR] Health check warning: No output for 945s
[2026-10-01T19:21:46.707Z] [monitor] [MONITOR] Health check warning: No output for 948s
[2026-10-01T19:21:48.426Z] [monitor] [MONITOR] Health check warning: No output for 634s
[2026-10-01T19:21:52.959Z] [monitor] [MONITOR] Health check warning: No output for 955s
[2026-10-01T19:21:56.709Z] [monitor] [MONITOR] Health check warning: No output for 958s
[2026-10-01T19:21:58.428Z] [monitor] [MONITOR] Health check warning: No output for 644s
[2026-10-01T19:22:02.961Z] [monitor] [MONITOR] Health check warning: No output for 965s
[2026-10-01T19:22:06.708Z] [monitor] [MONITOR] Health check warning: No output for 968s
[2026-10-01T19:22:08.428Z] [monitor] [MONITOR] Health check warning: No output for 654s
[2026-10-01T19:22:12.966Z] [monitor] [MONITOR] Health check warning: No output for 975s
[2026-10-01T19:22:16.708Z] [monitor] [MONITOR] Health check warning: No output for 978s
[2026-10-01T19:22:18.428Z] [monitor] [MONITOR] Health check warning: No output for 664s
[2026-10-01T19:22:22.964Z] [monitor] [MONITOR] Health check warning: No output for 985s
[2026-10-01T19:22:26.707Z] [monitor] [MONITOR] Health check warning: No output for 988s
[2026-10-01T19:22:28.429Z] [monitor] [MONITOR] Health check warning: No output for 674s
[2026-10-01T19:22:32.965Z] [monitor] [MONITOR] Health check warning: No output for 995s
[2026-10-01T19:22:36.711Z] [monitor] [MONITOR] Health check warning: No output for 998s
[2026-10-01T19:22:38.432Z] [monitor] [MONITOR] Health check warning: No output for 684s
[2026-10-01T19:22:42.963Z] [monitor] [MONITOR] Health check warning: No output for 1005s
[2026-10-01T19:22:46.713Z] [monitor] [MONITOR] Health check warning: No output for 1008s
[2026-10-01T19:22:48.428Z] [monitor] [MONITOR] Health check warning: No output for 694s
[2026-10-01T19:22:52.963Z] [monitor] [MONITOR] Health check warning: No output for 1015s
[2026-10-01T19:22:56.709Z] [monitor] [MONITOR] Health check warning: No output for 1018s
[2026-10-01T19:22:58.430Z] [monitor] [MONITOR] Health check warning: No output for 704s
[2026-10-01T19:23:02.965Z] [monitor] [MONITOR] Health check warning: No output for 1025s
[2026-10-01T19:23:06.709Z] [monitor] [MONITOR] Health check warning: No output for 1028s
[2026-10-01T19:23:08.431Z] [monitor] [MONITOR] Health check warning: No output for 714s
[2026-10-01T19:23:12.965Z] [monitor] [MONITOR] Health check warning: No output for 1035s
[2026-10-01T19:23:16.711Z] [monitor] [MONITOR] Health check warning: No output for 1038s
[2026-10-01T19:23:18.431Z] [monitor] [MONITOR] Health check warning: No output for 724s
[2026-10-01T19:23:22.967Z] [monitor] [MONITOR] Health check warning: No output for 1045s
[2026-10-01T19:23:26.711Z] [monitor] [MONITOR] Health check warning: No output for 1048s
[2026-10-01T19:23:28.432Z] [monitor] [MONITOR] Health check warning: No output for 734s
[2026-10-01T19:23:32.966Z] [monitor] [MONITOR] Health check warning: No output for 1055s
[2026-10-01T19:23:36.711Z] [monitor] [MONITOR] Health check warning: No output for 1058s
[2026-10-01T19:23:38.432Z] [monitor] [MONITOR] Health check warning: No output for 744s
[2026-10-01T19:23:42.965Z] [monitor] [MONITOR] Health check warning: No output for 1065s
[2026-10-01T19:23:46.708Z] [monitor] [MONITOR] Health check warning: No output for 1068s
[2026-10-01T19:23:48.433Z] [monitor] [MONITOR] Health check warning: No output for 754s
[2026-10-01T19:23:52.965Z] [monitor] [MONITOR] Health check warning: No output for 1075s
[2026-10-01T19:23:56.710Z] [monitor] [MONITOR] Health check warning: No output for 1078s
[2026-10-01T19:23:58.432Z] [monitor] [MONITOR] Health check warning: No output for 764s
[2026-10-01T19:24:02.966Z] [monitor] [MONITOR] Health check warning: No output for 1085s
[2026-10-01T19:24:06.711Z] [monitor] [MONITOR] Health check warning: No output for 1088s
[2026-10-01T19:24:08.433Z] [monitor] [MONITOR] Health check warning: No output for 774s
[2026-10-01T19:24:12.966Z] [monitor] [MONITOR] Health check warning: No output for 1095s
[2026-10-01T19:24:16.710Z] [monitor] [MONITOR] Health check warning: No output for 1098s
[2026-10-01T19:24:18.433Z] [monitor] [MONITOR] Health check warning: No output for 784s
[2026-10-01T19:24:22.977Z] [monitor] [MONITOR] Health check warning: No output for 1105s
[2026-10-01T19:24:26.714Z] [monitor] [MONITOR] Health check warning: No output for 1108s
[2026-10-01T19:24:28.445Z] [monitor] [MONITOR] Health check warning: No output for 794s
[2026-10-01T19:24:32.973Z] [monitor] [MONITOR] Health check warning: No output for 1115s
[2026-10-01T19:24:36.712Z] [monitor] [MONITOR] Health check warning: No output for 1118s
[2026-10-01T19:24:38.437Z] [monitor] [MONITOR] Health check warning: No output for 804s
[2026-10-01T19:24:42.970Z] [monitor] [MONITOR] Health check warning: No output for 1125s
[2026-10-01T19:24:46.711Z] [monitor] [MONITOR] Health check warning: No output for 1128s
[2026-10-01T19:24:48.436Z] [monitor] [MONITOR] Health check warning: No output for 814s
[2026-10-01T19:24:52.971Z] [monitor] [MONITOR] Health check warning: No output for 1135s
[2026-10-01T19:24:56.717Z] [monitor] [MONITOR] Health check warning: No output for 1138s
[2026-10-01T19:24:58.438Z] [monitor] [MONITOR] Health check warning: No output for 824s
[2026-10-01T19:25:02.974Z] [monitor] [MONITOR] Health check warning: No output for 1145s
[2026-10-01T19:25:06.713Z] [monitor] [MONITOR] Health check warning: No output for 1148s
[2026-10-01T19:25:08.435Z] [monitor] [MONITOR] Health check warning: No output for 834s
[2026-10-01T19:25:12.971Z] [monitor] [MONITOR] Health check warning: No output for 1155s
[2026-10-01T19:25:16.713Z] [monitor] [MONITOR] Health check warning: No output for 1158s
[2026-10-01T19:25:18.438Z] [monitor] [MONITOR] Health check warning: No output for 844s
[2026-10-01T19:25:22.971Z] [monitor] [MONITOR] Health check warning: No output for 1165s
[2026-10-01T19:25:26.713Z] [monitor] [MONITOR] Health check warning: No output for 1168s
[2026-10-01T19:25:28.438Z] [monitor] [MONITOR] Health check warning: No output for 854s
[2026-10-01T19:25:32.974Z] [monitor] [MONITOR] Health check warning: No output for 1175s
[2026-10-01T19:25:36.713Z] [monitor] [MONITOR] Health check warning: No output for 1178s
[2026-10-01T19:25:38.439Z] [monitor] [MONITOR] Health check warning: No output for 864s
[2026-10-01T19:25:42.982Z] [monitor] [MONITOR] Health check warning: No output for 1185s
[2026-10-01T19:25:46.716Z] [monitor] [MONITOR] Health check warning: No output for 1188s
[2026-10-01T19:25:48.445Z] [monitor] [MONITOR] Health check warning: No output for 874s
[2026-10-01T19:25:52.978Z] [monitor] [MONITOR] Health check warning: No output for 1195s
[2026-10-01T19:25:56.714Z] [monitor] [MONITOR] Health check warning: No output for 1198s
[2026-10-01T19:25:58.437Z] [monitor] [MONITOR] Health check warning: No output for 884s
[2026-10-01T19:26:02.976Z] [monitor] [MONITOR] Health check warning: No output for 1205s
[2026-10-01T19:26:06.713Z] [monitor] [MONITOR] Health check warning: No output for 1208s
[2026-10-01T19:26:08.443Z] [monitor] [MONITOR] Health check warning: No output for 894s
[2026-10-01T19:26:12.973Z] [monitor] [MONITOR] Health check warning: No output for 1215s
[2026-10-01T19:26:16.712Z] [monitor] [MONITOR] Health check warning: No output for 1218s
[2026-10-01T19:26:18.442Z] [monitor] [MONITOR] Health check warning: No output for 904s
[2026-10-01T19:26:22.977Z] [monitor] [MONITOR] Health check warning: No output for 1225s
[2026-10-01T19:26:26.713Z] [monitor] [MONITOR] Health check warning: No output for 1228s
[2026-10-01T19:26:28.445Z] [monitor] [MONITOR] Health check warning: No output for 914s
[2026-10-01T19:26:32.974Z] [monitor] [MONITOR] Health check warning: No output for 1235s
[2026-10-01T19:26:36.712Z] [monitor] [MONITOR] Health check warning: No output for 1238s
[2026-10-01T19:26:38.440Z] [monitor] [MONITOR] Health check warning: No output for 924s
[2026-10-01T19:26:42.976Z] [monitor] [MONITOR] Health check warning: No output for 1245s
[2026-10-01T19:26:46.715Z] [monitor] [MONITOR] Health check warning: No output for 1248s
[2026-10-01T19:26:48.443Z] [monitor] [MONITOR] Health check warning: No output for 934s
[2026-10-01T19:26:52.976Z] [monitor] [MONITOR] Health check warning: No output for 1255s
[2026-10-01T19:26:56.714Z] [monitor] [MONITOR] Health check warning: No output for 1258s
[2026-10-01T19:26:58.442Z] [monitor] [MONITOR] Health check warning: No output for 944s
[2026-10-01T19:27:02.976Z] [monitor] [MONITOR] Health check warning: No output for 1265s
[2026-10-01T19:27:06.714Z] [monitor] [MONITOR] Health check warning: No output for 1268s
[2026-10-01T19:27:08.443Z] [monitor] [MONITOR] Health check warning: No output for 954s
[2026-10-01T19:27:12.976Z] [monitor] [MONITOR] Health check warning: No output for 1275s
[2026-10-01T19:27:13.479Z] [stdout] 7:27:13 PM [vite] (client) hmr update /src/pages/ask/index.tsx
[2026-10-01T19:27:16.276Z] [stdout] 7:27:16 PM [vite] (client) hmr update /src/App.tsx, /src/pages/wardrobe/index.tsx, /src/pages/ask/index.tsx, /src/pages/history/index.tsx, /src/pages/outfits/index.tsx
[2026-10-01T19:27:16.371Z] [stderr] 4  |  export { ConsoleLogDrawer } from "./ConsoleLogDrawer";
[2026-10-01T19:27:16.371Z] [stderr] File: /workspace/i-c4ed4fc9-e6b6-4ab0-ac27-28330795f443/src/components/index.ts:6:26
[2026-10-01T19:27:16.371Z] [stderr] Plugin: vite:import-analysis
[2026-10-01T19:27:16.370Z] [stderr] 7:27:16 PM [vite] (client) Pre-transform error: Failed to resolve import "./AppFooter" from "src/components/index.ts". Does the file exist?
[2026-10-01T19:27:16.371Z] [stderr] 5  |  export { ErrorBoundary } from "./ErrorBoundary";
[2026-10-01T19:27:16.371Z] [stderr] 6  |  export { AppFooter } from "./AppFooter";
[2026-10-01T19:27:16.371Z] [stderr] |                             ^
[2026-10-01T19:27:16.371Z] [stderr] 7  |
[2026-10-01T19:27:16.371Z] [stderr] 4  |  export { ConsoleLogDrawer } from "./ConsoleLogDrawer";
[2026-10-01T19:27:16.371Z] [stderr] File: /workspace/i-c4ed4fc9-e6b6-4ab0-ac27-28330795f443/src/components/index.ts:6:26
[2026-10-01T19:27:16.371Z] [stderr] Plugin: vite:import-analysis
[2026-10-01T19:27:16.371Z] [stderr] 7:27:16 PM [vite] (client) Pre-transform error: Failed to resolve import "./AppFooter" from "src/components/index.ts". Does the file exist?
[2026-10-01T19:27:16.371Z] [stderr] 5  |  export { ErrorBoundary } from "./ErrorBoundary";
[2026-10-01T19:27:16.371Z] [stderr] 6  |  export { AppFooter } from "./AppFooter";
[2026-10-01T19:27:16.371Z] [stderr] |                             ^
[2026-10-01T19:27:16.371Z] [stderr] 7  |
[2026-10-01T19:27:16.371Z] [stderr] |                             ^
[2026-10-01T19:27:16.371Z] [stderr] 6  |  export { AppFooter } from "./AppFooter";
[2026-10-01T19:27:16.371Z] [stderr] 5  |  export { ErrorBoundary } from "./ErrorBoundary";
[2026-10-01T19:27:16.371Z] [stderr] 4  |  export { ConsoleLogDrawer } from "./ConsoleLogDrawer";
[2026-10-01T19:27:16.371Z] [stderr] File: /workspace/i-c4ed4fc9-e6b6-4ab0-ac27-28330795f443/src/components/index.ts:6:26
[2026-10-01T19:27:16.371Z] [stderr] Plugin: vite:import-analysis
[2026-10-01T19:27:16.371Z] [stderr] 7:27:16 PM [vite] (client) Pre-transform error: Failed to resolve import "./AppFooter" from "src/components/index.ts". Does the file exist?
[2026-10-01T19:27:16.371Z] [stderr] 7  |
[2026-10-01T19:27:16.371Z] [stderr] |                             ^
[2026-10-01T19:27:16.371Z] [stderr] 6  |  export { AppFooter } from "./AppFooter";
[2026-10-01T19:27:16.371Z] [stderr] 5  |  export { ErrorBoundary } from "./ErrorBoundary";
[2026-10-01T19:27:16.371Z] [stderr] 4  |  export { ConsoleLogDrawer } from "./ConsoleLogDrawer";
[2026-10-01T19:27:16.371Z] [stderr] File: /workspace/i-c4ed4fc9-e6b6-4ab0-ac27-28330795f443/src/components/index.ts:6:26
[2026-10-01T19:27:16.371Z] [stderr] Plugin: vite:import-analysis
[2026-10-01T19:27:16.371Z] [stderr] 7:27:16 PM [vite] (client) Pre-transform error: Failed to resolve import "./AppFooter" from "src/components/index.ts". Does the file exist?
[2026-10-01T19:27:16.371Z] [stderr] 7  |
[2026-10-01T19:27:16.371Z] [stderr] |                             ^
[2026-10-01T19:27:16.371Z] [stderr] 6  |  export { AppFooter } from "./AppFooter";
[2026-10-01T19:27:16.371Z] [stderr] 5  |  export { ErrorBoundary } from "./ErrorBoundary";
[2026-10-01T19:27:16.371Z] [stderr] 4  |  export { ConsoleLogDrawer } from "./ConsoleLogDrawer";
[2026-10-01T19:27:16.371Z] [stderr] File: /workspace/i-c4ed4fc9-e6b6-4ab0-ac27-28330795f443/src/components/index.ts:6:26
[2026-10-01T19:27:16.371Z] [stderr] Plugin: vite:import-analysis
[2026-10-01T19:27:16.371Z] [stderr] 7:27:16 PM [vite] (client) Pre-transform error: Failed to resolve import "./AppFooter" from "src/components/index.ts". Does the file exist?
[2026-10-01T19:27:16.371Z] [stderr] 7  |
[2026-10-01T19:27:16.678Z] [stderr] 7:27:16 PM [vite] Internal server error: Failed to resolve import "./AppFooter" from "src/components/index.ts". Does the file exist?
[2026-10-01T19:27:16.678Z] [stderr] at async viteTransformMiddleware (file:///workspace/i-c4ed4fc9-e6b6-4ab0-ac27-28330795f443/node_modules/vite/dist/node/chunks/dep-Dm0c1Wj2.js:37369:24)
[2026-10-01T19:27:16.678Z] [stderr] at async loadAndTransform (file:///workspace/i-c4ed4fc9-e6b6-4ab0-ac27-28330795f443/node_modules/vite/dist/node/chunks/dep-Dm0c1Wj2.js:35845:27)
[2026-10-01T19:27:16.678Z] [stderr] at async EnvironmentPluginContainer.transform (file:///workspace/i-c4ed4fc9-e6b6-4ab0-ac27-28330795f443/node_modules/vite/dist/node/chunks/dep-Dm0c1Wj2.js:42453:18)
[2026-10-01T19:27:16.678Z] [stderr] at async TransformPluginContext.transform (file:///workspace/i-c4ed4fc9-e6b6-4ab0-ac27-28330795f443/node_modules/vite/dist/node/chunks/dep-Dm0c1Wj2.js:40680:7)
[2026-10-01T19:27:16.678Z] [stderr] at async Promise.all (index 5)
[2026-10-01T19:27:16.678Z] [stderr] at async file:///workspace/i-c4ed4fc9-e6b6-4ab0-ac27-28330795f443/node_modules/vite/dist/node/chunks/dep-Dm0c1Wj2.js:40753:37
[2026-10-01T19:27:16.678Z] [stderr] at process.processTicksAndRejections (node:internal/process/task_queues:95:5)
[2026-10-01T19:27:16.678Z] [stderr] at normalizeUrl (file:///workspace/i-c4ed4fc9-e6b6-4ab0-ac27-28330795f443/node_modules/vite/dist/node/chunks/dep-Dm0c1Wj2.js:40634:23)
[2026-10-01T19:27:16.678Z] [stderr] at TransformPluginContext.error (file:///workspace/i-c4ed4fc9-e6b6-4ab0-ac27-28330795f443/node_modules/vite/dist/node/chunks/dep-Dm0c1Wj2.js:42655:16)
[2026-10-01T19:27:16.678Z] [stderr] at TransformPluginContext._formatLog (file:///workspace/i-c4ed4fc9-e6b6-4ab0-ac27-28330795f443/node_modules/vite/dist/node/chunks/dep-Dm0c1Wj2.js:42658:41)
[2026-10-01T19:27:16.678Z] [stderr] 7  |
[2026-10-01T19:27:16.678Z] [stderr] |                             ^
[2026-10-01T19:27:16.678Z] [stderr] 6  |  export { AppFooter } from "./AppFooter";
[2026-10-01T19:27:16.678Z] [stderr] 5  |  export { ErrorBoundary } from "./ErrorBoundary";
[2026-10-01T19:27:16.678Z] [stderr] 4  |  export { ConsoleLogDrawer } from "./ConsoleLogDrawer";
[2026-10-01T19:27:16.678Z] [stderr] File: /workspace/i-c4ed4fc9-e6b6-4ab0-ac27-28330795f443/src/components/index.ts:6:26
[2026-10-01T19:27:16.678Z] [stderr] Plugin: vite:import-analysis
[2026-10-01T19:27:16.712Z] [monitor] [MONITOR] Health check warning: No output for 1278s
[2026-10-01T19:27:19.678Z] [stdout] 7:27:19 PM [vite] (client) hmr update /src/App.tsx, /src/pages/wardrobe/index.tsx, /src/pages/ask/index.tsx, /src/pages/history/index.tsx, /src/pages/outfits/index.tsx
[2026-10-01T19:27:22.573Z] [stdout] 7:27:22 PM [vite] (client) hmr update /src/App.tsx
[2026-10-01T19:27:22.978Z] [monitor] [MONITOR] Health check warning: No output for 1285s
[2026-10-01T19:27:24.699Z] [stdout] 7:27:24 PM [vite] (client) hmr update /src/App.tsx
[2026-10-01T19:27:26.716Z] [monitor] [MONITOR] Health check warning: No output for 1288s
[2026-10-01T19:27:32.977Z] [monitor] [MONITOR] Health check warning: No output for 1295s
[2026-10-01T19:27:36.724Z] [monitor] [MONITOR] Health check warning: No output for 1298s
[2026-10-01T19:27:42.978Z] [monitor] [MONITOR] Health check warning: No output for 1305s